Archive member included to satisfy reference by file (symbol)

d:/imt_sdk_win_64/winarm/armgcc/bin/../lib/gcc/arm-none-eabi/7.2.1/../../../../arm-none-eabi/lib/thumb/v7e-m\libg_nano.a(lib_a-errno.o)
                              ./system/src/newlib/_sbrk.o (__errno)
d:/imt_sdk_win_64/winarm/armgcc/bin/../lib/gcc/arm-none-eabi/7.2.1/../../../../arm-none-eabi/lib/thumb/v7e-m\libg_nano.a(lib_a-impure.o)
                              d:/imt_sdk_win_64/winarm/armgcc/bin/../lib/gcc/arm-none-eabi/7.2.1/../../../../arm-none-eabi/lib/thumb/v7e-m\libg_nano.a(lib_a-errno.o) (_impure_ptr)
d:/imt_sdk_win_64/winarm/armgcc/bin/../lib/gcc/arm-none-eabi/7.2.1/../../../../arm-none-eabi/lib/thumb/v7e-m\libg_nano.a(lib_a-strlen.o)
                              ./system/src/diag/Trace.o (strlen)
d:/imt_sdk_win_64/winarm/armgcc/bin/../lib/gcc/arm-none-eabi/7.2.1/../../../../arm-none-eabi/lib/thumb/v7e-m\libg_nano.a(lib_a-vsnprintf.o)
                              ./system/src/diag/Trace.o (vsnprintf)
d:/imt_sdk_win_64/winarm/armgcc/bin/../lib/gcc/arm-none-eabi/7.2.1/../../../../arm-none-eabi/lib/thumb/v7e-m\libg_nano.a(lib_a-nano-svfprintf.o)
                              d:/imt_sdk_win_64/winarm/armgcc/bin/../lib/gcc/arm-none-eabi/7.2.1/../../../../arm-none-eabi/lib/thumb/v7e-m\libg_nano.a(lib_a-vsnprintf.o) (_svfprintf_r)
d:/imt_sdk_win_64/winarm/armgcc/bin/../lib/gcc/arm-none-eabi/7.2.1/../../../../arm-none-eabi/lib/thumb/v7e-m\libg_nano.a(lib_a-nano-vfprintf_i.o)
                              d:/imt_sdk_win_64/winarm/armgcc/bin/../lib/gcc/arm-none-eabi/7.2.1/../../../../arm-none-eabi/lib/thumb/v7e-m\libg_nano.a(lib_a-nano-svfprintf.o) (_printf_i)
d:/imt_sdk_win_64/winarm/armgcc/bin/../lib/gcc/arm-none-eabi/7.2.1/../../../../arm-none-eabi/lib/thumb/v7e-m\libg_nano.a(lib_a-memchr.o)
                              d:/imt_sdk_win_64/winarm/armgcc/bin/../lib/gcc/arm-none-eabi/7.2.1/../../../../arm-none-eabi/lib/thumb/v7e-m\libg_nano.a(lib_a-nano-svfprintf.o) (memchr)
d:/imt_sdk_win_64/winarm/armgcc/bin/../lib/gcc/arm-none-eabi/7.2.1/../../../../arm-none-eabi/lib/thumb/v7e-m\libg_nano.a(lib_a-memcpy-stub.o)
                              d:/imt_sdk_win_64/winarm/armgcc/bin/../lib/gcc/arm-none-eabi/7.2.1/../../../../arm-none-eabi/lib/thumb/v7e-m\libg_nano.a(lib_a-nano-svfprintf.o) (memcpy)
d:/imt_sdk_win_64/winarm/armgcc/bin/../lib/gcc/arm-none-eabi/7.2.1/../../../../arm-none-eabi/lib/thumb/v7e-m\libg_nano.a(lib_a-memmove.o)
                              d:/imt_sdk_win_64/winarm/armgcc/bin/../lib/gcc/arm-none-eabi/7.2.1/../../../../arm-none-eabi/lib/thumb/v7e-m\libg_nano.a(lib_a-nano-svfprintf.o) (memmove)
d:/imt_sdk_win_64/winarm/armgcc/bin/../lib/gcc/arm-none-eabi/7.2.1/../../../../arm-none-eabi/lib/thumb/v7e-m\libg_nano.a(lib_a-nano-freer.o)
                              d:/imt_sdk_win_64/winarm/armgcc/bin/../lib/gcc/arm-none-eabi/7.2.1/../../../../arm-none-eabi/lib/thumb/v7e-m\libg_nano.a(lib_a-nano-svfprintf.o) (_free_r)
d:/imt_sdk_win_64/winarm/armgcc/bin/../lib/gcc/arm-none-eabi/7.2.1/../../../../arm-none-eabi/lib/thumb/v7e-m\libg_nano.a(lib_a-nano-mallocr.o)
                              d:/imt_sdk_win_64/winarm/armgcc/bin/../lib/gcc/arm-none-eabi/7.2.1/../../../../arm-none-eabi/lib/thumb/v7e-m\libg_nano.a(lib_a-nano-svfprintf.o) (_malloc_r)
d:/imt_sdk_win_64/winarm/armgcc/bin/../lib/gcc/arm-none-eabi/7.2.1/../../../../arm-none-eabi/lib/thumb/v7e-m\libg_nano.a(lib_a-nano-reallocr.o)
                              d:/imt_sdk_win_64/winarm/armgcc/bin/../lib/gcc/arm-none-eabi/7.2.1/../../../../arm-none-eabi/lib/thumb/v7e-m\libg_nano.a(lib_a-nano-svfprintf.o) (_realloc_r)
d:/imt_sdk_win_64/winarm/armgcc/bin/../lib/gcc/arm-none-eabi/7.2.1/../../../../arm-none-eabi/lib/thumb/v7e-m\libg_nano.a(lib_a-sbrkr.o)
                              d:/imt_sdk_win_64/winarm/armgcc/bin/../lib/gcc/arm-none-eabi/7.2.1/../../../../arm-none-eabi/lib/thumb/v7e-m\libg_nano.a(lib_a-nano-mallocr.o) (_sbrk_r)
d:/imt_sdk_win_64/winarm/armgcc/bin/../lib/gcc/arm-none-eabi/7.2.1/../../../../arm-none-eabi/lib/thumb/v7e-m\libg_nano.a(lib_a-mlock.o)
                              d:/imt_sdk_win_64/winarm/armgcc/bin/../lib/gcc/arm-none-eabi/7.2.1/../../../../arm-none-eabi/lib/thumb/v7e-m\libg_nano.a(lib_a-nano-freer.o) (__malloc_lock)
d:/imt_sdk_win_64/winarm/armgcc/bin/../lib/gcc/arm-none-eabi/7.2.1/../../../../arm-none-eabi/lib/thumb/v7e-m\libg_nano.a(lib_a-nano-msizer.o)
                              d:/imt_sdk_win_64/winarm/armgcc/bin/../lib/gcc/arm-none-eabi/7.2.1/../../../../arm-none-eabi/lib/thumb/v7e-m\libg_nano.a(lib_a-nano-reallocr.o) (_malloc_usable_size_r)

Allocating common symbols
Common symbol       size              file

errno               0x4               ./system/src/newlib/_syscalls.o
uwTick              0x4               ./system/src/stm32f4-hal/stm32f4xx_hal.o
pFlash              0x20              ./system/src/stm32f4-hal/stm32f4xx_hal_flash.o

Discarded input sections

[...]
Memory Configuration

Name             Origin             Length             Attributes
RAM              0x20000000         0x00010000         xrw
CCMRAM           0x10000000         0x00000000         xrw
FLASH            0x08000000         0x00100000         xr
FLASHB1          0x00000000         0x00000000         xr
EXTMEMB0         0x00000000         0x00000000         xr
EXTMEMB1         0x00000000         0x00000000         xr
EXTMEMB2         0x00000000         0x00000000         xr
EXTMEMB3         0x00000000         0x00000000         xr
*default*        0x00000000         0xffffffff

Linker script and memory map

LOAD ./system/src/stm32f4-hal/stm32f4xx_hal.o
LOAD ./system/src/stm32f4-hal/stm32f4xx_hal_cortex.o
LOAD ./system/src/stm32f4-hal/stm32f4xx_hal_dfsdm.o
LOAD ./system/src/stm32f4-hal/stm32f4xx_hal_flash.o
LOAD ./system/src/stm32f4-hal/stm32f4xx_hal_gpio.o
LOAD ./system/src/stm32f4-hal/stm32f4xx_hal_iwdg.o
LOAD ./system/src/stm32f4-hal/stm32f4xx_hal_pwr.o
LOAD ./system/src/stm32f4-hal/stm32f4xx_hal_rcc.o
LOAD ./system/src/newlib/_cxx.o
LOAD ./system/src/newlib/_exit.o
LOAD ./system/src/newlib/_sbrk.o
LOAD ./system/src/newlib/_startup.o
LOAD ./system/src/newlib/_syscalls.o
LOAD ./system/src/newlib/assert.o
LOAD ./system/src/diag/Trace.o
LOAD ./system/src/diag/trace_impl.o
LOAD ./system/src/cortexm/_initialize_hardware.o
LOAD ./system/src/cortexm/_reset_hardware.o
LOAD ./system/src/cortexm/exception_handlers.o
LOAD ./system/src/cmsis/system_stm32f4xx.o
LOAD ./system/src/cmsis/vectors_stm32f401xc.o
LOAD ./src/AEB_Program.o
LOAD ./src/Car_Movement_program.o
LOAD ./src/DCmotor_program.o
LOAD ./src/EXTI_program.o
LOAD ./src/FCW_Program.o
LOAD ./src/GPIO_Program.o
LOAD ./src/RCC_program.o
LOAD ./src/TF_LUNA_LIDAR_PROGRAM.o
LOAD ./src/Timer_program.o
LOAD ./src/UART_program.o
LOAD ./src/main.o
LOAD d:/imt_sdk_win_64/winarm/armgcc/bin/../lib/gcc/arm-none-eabi/7.2.1/../../../../arm-none-eabi/lib/thumb/v7e-m\libstdc++_nano.a
LOAD d:/imt_sdk_win_64/winarm/armgcc/bin/../lib/gcc/arm-none-eabi/7.2.1/../../../../arm-none-eabi/lib/thumb/v7e-m\libm.a
START GROUP
LOAD d:/imt_sdk_win_64/winarm/armgcc/bin/../lib/gcc/arm-none-eabi/7.2.1/thumb/v7e-m\libgcc.a
LOAD d:/imt_sdk_win_64/winarm/armgcc/bin/../lib/gcc/arm-none-eabi/7.2.1/../../../../arm-none-eabi/lib/thumb/v7e-m\libg_nano.a
LOAD d:/imt_sdk_win_64/winarm/armgcc/bin/../lib/gcc/arm-none-eabi/7.2.1/../../../../arm-none-eabi/lib/thumb/v7e-m\libc_nano.a
END GROUP
START GROUP
LOAD d:/imt_sdk_win_64/winarm/armgcc/bin/../lib/gcc/arm-none-eabi/7.2.1/thumb/v7e-m\libgcc.a
LOAD d:/imt_sdk_win_64/winarm/armgcc/bin/../lib/gcc/arm-none-eabi/7.2.1/../../../../arm-none-eabi/lib/thumb/v7e-m\libc_nano.a
END GROUP
                0x20010000                __stack = (ORIGIN (RAM) + LENGTH (RAM))
                0x20010000                _estack = __stack
                0x00000400                __Main_Stack_Size = 0x400
                [!provide]                PROVIDE (_Main_Stack_Size, __Main_Stack_Size)
                0x2000fc00                __Main_Stack_Limit = (__stack - __Main_Stack_Size)
                [!provide]                PROVIDE (_Main_Stack_Limit, __Main_Stack_Limit)
                0x00000100                _Minimum_Stack_Size = 0x100
                0x20000134                PROVIDE (_Heap_Begin, _end_noinit)
                0x2000fc00                PROVIDE (_Heap_Limit, (__stack - __Main_Stack_Size))

.isr_vector     0x08000000      0x3f4
 FILL mask 0xff
                0x08000000                __vectors_start = ABSOLUTE (.)
                0x08000000                __vectors_start__ = ABSOLUTE (.)
 *(.isr_vector)
 .isr_vector    0x08000000      0x194 ./system/src/cmsis/vectors_stm32f401xc.o
                0x08000000                __isr_vectors
 *(.cfmconfig)
 *(.after_vectors .after_vectors.*)
 .after_vectors
                0x08000194      0x130 ./system/src/newlib/_startup.o
                0x08000194                _start
 .after_vectors
                0x080002c4      0x12c ./system/src/cortexm/exception_handlers.o
                0x080002c4                Reset_Handler
                0x080002ca                NMI_Handler
                0x080002ce                HardFault_Handler
                0x080002e2                HardFault_Handler_C
                0x08000340                MemManage_Handler
                0x08000344                BusFault_Handler
                0x08000358                BusFault_Handler_C
                0x0800038c                UsageFault_Handler
                0x080003a0                UsageFault_Handler_C
                0x080003d4                SVC_Handler
                0x080003d8                DebugMon_Handler
                0x080003dc                PendSV_Handler
                0x080003e0                SysTick_Handler
 .after_vectors
                0x080003f0        0x4 ./system/src/cmsis/vectors_stm32f401xc.o
                0x080003f0                RTC_Alarm_IRQHandler
                0x080003f0                EXTI2_IRQHandler
                0x080003f0                SPI4_IRQHandler
                0x080003f0                TIM1_CC_IRQHandler
                0x080003f0                DMA2_Stream5_IRQHandler
                0x080003f0                DMA1_Stream5_IRQHandler
                0x080003f0                PVD_IRQHandler
                0x080003f0                SDIO_IRQHandler
                0x080003f0                TAMP_STAMP_IRQHandler
                0x080003f0                EXTI3_IRQHandler
                0x080003f0                TIM1_UP_TIM10_IRQHandler
                0x080003f0                I2C3_ER_IRQHandler
                0x080003f0                I2C2_EV_IRQHandler
                0x080003f0                DMA1_Stream2_IRQHandler
                0x080003f0                FPU_IRQHandler
                0x080003f0                DMA2_Stream2_IRQHandler
                0x080003f0                SPI1_IRQHandler
                0x080003f0                TIM1_BRK_TIM9_IRQHandler
                0x080003f0                DMA2_Stream3_IRQHandler
                0x080003f0                USART6_IRQHandler
                0x080003f0                DMA2_Stream0_IRQHandler
                0x080003f0                TIM4_IRQHandler
                0x080003f0                I2C1_EV_IRQHandler
                0x080003f0                DMA1_Stream6_IRQHandler
                0x080003f0                DMA1_Stream1_IRQHandler
                0x080003f0                TIM3_IRQHandler
                0x080003f0                RCC_IRQHandler
                0x080003f0                Default_Handler
                0x080003f0                EXTI15_10_IRQHandler
                0x080003f0                ADC_IRQHandler
                0x080003f0                DMA1_Stream7_IRQHandler
                0x080003f0                TIM5_IRQHandler
                0x080003f0                DMA2_Stream7_IRQHandler
                0x080003f0                I2C3_EV_IRQHandler
                0x080003f0                EXTI9_5_IRQHandler
                0x080003f0                RTC_WKUP_IRQHandler
                0x080003f0                SPI2_IRQHandler
                0x080003f0                DMA1_Stream0_IRQHandler
                0x080003f0                EXTI4_IRQHandler
                0x080003f0                WWDG_IRQHandler
                0x080003f0                TIM2_IRQHandler
                0x080003f0                OTG_FS_WKUP_IRQHandler
                0x080003f0                TIM1_TRG_COM_TIM11_IRQHandler
                0x080003f0                USART2_IRQHandler
                0x080003f0                I2C2_ER_IRQHandler
                0x080003f0                DMA2_Stream1_IRQHandler
                0x080003f0                FLASH_IRQHandler
                0x080003f0                DMA2_Stream4_IRQHandler
                0x080003f0                USART1_IRQHandler
                0x080003f0                OTG_FS_IRQHandler
                0x080003f0                SPI3_IRQHandler
                0x080003f0                DMA1_Stream4_IRQHandler
                0x080003f0                I2C1_ER_IRQHandler
                0x080003f0                DMA2_Stream6_IRQHandler
                0x080003f0                DMA1_Stream3_IRQHandler

.inits          0x080003f4       0x28
                0x080003f4                __data_regions_array_start = .
                0x080003f4        0x4 LONG 0x8002884 LOADADDR (.data)
                0x080003f8        0x4 LONG 0x20000000 ADDR (.data)
                0x080003fc        0x4 LONG 0x20000090 (ADDR (.data) + SIZEOF (.data))
                0x08000400        0x4 LONG 0x8002884 LOADADDR (.data_CCMRAM)
                0x08000404        0x4 LONG 0x10000000 ADDR (.data_CCMRAM)
                0x08000408        0x4 LONG 0x10000000 (ADDR (.data_CCMRAM) + SIZEOF (.data_CCMRAM))
                0x0800040c                __data_regions_array_end = .
                0x0800040c                __bss_regions_array_start = .
                0x0800040c        0x4 LONG 0x20000090 ADDR (.bss)
                0x08000410        0x4 LONG 0x20000134 (ADDR (.bss) + SIZEOF (.bss))
                0x08000414        0x4 LONG 0x10000000 ADDR (.bss_CCMRAM)
                0x08000418        0x4 LONG 0x10000000 (ADDR (.bss_CCMRAM) + SIZEOF (.bss_CCMRAM))
                0x0800041c                __bss_regions_array_end = .
 *(.init)
 *(.fini)
                0x0800041c                . = ALIGN (0x4)
                0x0800041c                PROVIDE (__preinit_array_start, .)
 *(.preinit_array_sysinit .preinit_array_sysinit.*)
 *(.preinit_array_platform .preinit_array_platform.*)
 *(.preinit_array .preinit_array.*)
                0x0800041c                PROVIDE (__preinit_array_end, .)
                0x0800041c                . = ALIGN (0x4)
                0x0800041c                PROVIDE (__init_array_start, .)
 *(SORT_BY_NAME(.init_array.*))
 *(.init_array)
                0x0800041c                PROVIDE (__init_array_end, .)
                0x0800041c                . = ALIGN (0x4)
                0x0800041c                PROVIDE (__fini_array_start, .)
 *(SORT_BY_NAME(.fini_array.*))
 *(.fini_array)
                0x0800041c                PROVIDE (__fini_array_end, .)

.flashtext
 *(.flashtext .flashtext.*)

.text           0x08000420     0x2463
 *(.text .text.*)
 .text._exit    0x08000420        0x2 ./system/src/newlib/_exit.o
                0x08000420                _exit
 *fill*         0x08000422        0x2 
 .text._sbrk    0x08000424       0x44 ./system/src/newlib/_sbrk.o
                0x08000424                _sbrk
 .text.__initialize_args
                0x08000468       0x10 ./system/src/newlib/_syscalls.o
                0x08000468                __initialize_args
 .text.trace_printf
                0x08000478       0x30 ./system/src/diag/Trace.o
                0x08000478                trace_printf
 .text._trace_write_semihosting_debug
                0x080004a8       0x60 ./system/src/diag/trace_impl.o
 .text.trace_write
                0x08000508        0x8 ./system/src/diag/trace_impl.o
                0x08000508                trace_write
 .text.__initialize_hardware_early
                0x08000510       0x18 ./system/src/cortexm/_initialize_hardware.o
                0x08000510                __initialize_hardware_early
 .text.__initialize_hardware
                0x08000528        0x8 ./system/src/cortexm/_initialize_hardware.o
                0x08000528                __initialize_hardware
 .text.dumpExceptionStack
                0x08000530       0xf4 ./system/src/cortexm/exception_handlers.o
                0x08000530                dumpExceptionStack
 .text.isSemihosting
                0x08000624       0x20 ./system/src/cortexm/exception_handlers.o
                0x08000624                isSemihosting
 .text.SystemInit
                0x08000644       0x40 ./system/src/cmsis/system_stm32f4xx.o
                0x08000644                SystemInit
 .text.SystemCoreClockUpdate
                0x08000684       0xa0 ./system/src/cmsis/system_stm32f4xx.o
                0x08000684                SystemCoreClockUpdate
 .text.HCarMove_vInit
                0x08000724       0x20 ./src/Car_Movement_program.o
                0x08000724                HCarMove_vInit
 .text.HCarMove_vSpeedRatio
                0x08000744       0x24 ./src/Car_Movement_program.o
                0x08000744                HCarMove_vSpeedRatio
 .text.HCarMove_vBackward
                0x08000768       0x20 ./src/Car_Movement_program.o
                0x08000768                HCarMove_vBackward
 .text.HDC_CounterClockWise
                0x08000788       0x2a ./src/DCmotor_program.o
                0x08000788                HDC_CounterClockWise
 .text.HDC_ClockWise
                0x080007b2       0x2a ./src/DCmotor_program.o
                0x080007b2                HDC_ClockWise
 .text.HDC_Stop
                0x080007dc       0x2a ./src/DCmotor_program.o
                0x080007dc                HDC_Stop
 .text.HDC_MotorSpeedCntrl
                0x08000806       0x50 ./src/DCmotor_program.o
                0x08000806                HDC_MotorSpeedCntrl
 .text.HDC_init
                0x08000856       0x80 ./src/DCmotor_program.o
                0x08000856                HDC_init
 *fill*         0x080008d6        0x2 
 .text.EXTI0_IRQHandler
                0x080008d8       0x1c ./src/EXTI_program.o
                0x080008d8                EXTI0_IRQHandler
 .text.EXTI1_IRQHandler
                0x080008f4       0x1c ./src/EXTI_program.o
                0x080008f4                EXTI1_IRQHandler
 .text.APP_VoidFCW
                0x08000910       0x46 ./src/FCW_Program.o
                0x08000910                APP_VoidFCW
 *fill*         0x08000956        0x2 
 .text.MGPIO_voidSetPinMode
                0x08000958      0x1b0 ./src/GPIO_Program.o
                0x08000958                MGPIO_voidSetPinMode
 .text.MGPIO_voidSetPinType
                0x08000b08      0x1d4 ./src/GPIO_Program.o
                0x08000b08                MGPIO_voidSetPinType
 .text.MGPIO_voidSetPinSpeed
                0x08000cdc      0x1a4 ./src/GPIO_Program.o
                0x08000cdc                MGPIO_voidSetPinSpeed
 .text.MGPIO_voidSetPinValueNonAtomic
                0x08000e80       0x94 ./src/GPIO_Program.o
                0x08000e80                MGPIO_voidSetPinValueNonAtomic
 .text.MGPIO_voidSetAlternativeFunction
                0x08000f14       0xf0 ./src/GPIO_Program.o
                0x08000f14                MGPIO_voidSetAlternativeFunction
 .text.MGPIO_voidPinInit
                0x08001004       0x58 ./src/GPIO_Program.o
                0x08001004                MGPIO_voidPinInit
 .text.MRCC_voidInitSystemClock
                0x0800105c       0x48 ./src/RCC_program.o
                0x0800105c                MRCC_voidInitSystemClock
 .text.MRCC_voidEnablePeripheralClock
                0x080010a4       0x60 ./src/RCC_program.o
                0x080010a4                MRCC_voidEnablePeripheralClock
 .text.TF_LUNA_LIDAR_VoidInit
                0x08001104       0xa4 ./src/TF_LUNA_LIDAR_PROGRAM.o
                0x08001104                TF_LUNA_LIDAR_VoidInit
 .text.TF_LUNA_LIDAR_U16GetDistance
                0x080011a8       0x94 ./src/TF_LUNA_LIDAR_PROGRAM.o
                0x080011a8                TF_LUNA_LIDAR_U16GetDistance
 .text.MTimer_voidConfigurePWMTIM_1Channel1
                0x0800123c       0x3c ./src/Timer_program.o
 .text.MTimer_voidConfigurePWMTIM_1Channel2
                0x08001278       0x44 ./src/Timer_program.o
 .text.MTimer_voidConfigurePWMTIM_1Channel3
                0x080012bc       0x44 ./src/Timer_program.o
 .text.MTimer_voidConfigurePWMTIM_1Channel4
                0x08001300       0x44 ./src/Timer_program.o
 .text.MTimer_voidConfigurePWMTIM_2Channel1
                0x08001344       0x36 ./src/Timer_program.o
 .text.MTimer_voidConfigurePWMTIM_2Channel2
                0x0800137a       0x3c ./src/Timer_program.o
 .text.MTimer_voidConfigurePWMTIM_2Channel3
                0x080013b6       0x3c ./src/Timer_program.o
 .text.MTimer_voidConfigurePWMTIM_2Channel4
                0x080013f2       0x3c ./src/Timer_program.o
 *fill*         0x0800142e        0x2 
 .text.MTimer_voidConfigurePWMTIM_3Channel1
                0x08001430       0x38 ./src/Timer_program.o
 .text.MTimer_voidConfigurePWMTIM_3Channel2
                0x08001468       0x40 ./src/Timer_program.o
 .text.MTimer_voidConfigurePWMTIM_3Channel3
                0x080014a8       0x40 ./src/Timer_program.o
 .text.MTimer_voidConfigurePWMTIM_3Channel4
                0x080014e8       0x40 ./src/Timer_program.o
 .text.MTimer_voidConfigurePWMTIM_4Channel1
                0x08001528       0x38 ./src/Timer_program.o
 .text.MTimer_voidConfigurePWMTIM_4Channel2
                0x08001560       0x40 ./src/Timer_program.o
 .text.MTimer_voidConfigurePWMTIM_4Channel3
                0x080015a0       0x40 ./src/Timer_program.o
 .text.MTimer_voidConfigurePWMTIM_4Channel4
                0x080015e0       0x40 ./src/Timer_program.o
 .text.MTimer_voidConfigurePWMTIM_5Channel1
                0x08001620       0x38 ./src/Timer_program.o
 .text.MTimer_voidConfigurePWMTIM_5Channel2
                0x08001658       0x40 ./src/Timer_program.o
 .text.MTimer_voidConfigurePWMTIM_5Channel3
                0x08001698       0x40 ./src/Timer_program.o
 .text.MTimer_voidConfigurePWMTIM_5Channel4
                0x080016d8       0x40 ./src/Timer_program.o
 .text.MTimer_voidInit
                0x08001718      0x3c8 ./src/Timer_program.o
                0x08001718                MTimer_voidInit
 .text.MTimer_voidPWM
                0x08001ae0      0x2b8 ./src/Timer_program.o
                0x08001ae0                MTimer_voidPWM
 .text.MTimer_voidSetCompareReg1Value
                0x08001d98        0xc ./src/Timer_program.o
                0x08001d98                MTimer_voidSetCompareReg1Value
 .text.MTimer_voidSetCompareReg2Value
                0x08001da4        0xc ./src/Timer_program.o
                0x08001da4                MTimer_voidSetCompareReg2Value
 .text.MTimer_voidSetCompareReg3Value
                0x08001db0        0xc ./src/Timer_program.o
                0x08001db0                MTimer_voidSetCompareReg3Value
 .text.MTimer_voidSetCompareReg4Value
                0x08001dbc        0xc ./src/Timer_program.o
                0x08001dbc                MTimer_voidSetCompareReg4Value
 .text.MUSART1_voidInit
                0x08001dc8       0x22 ./src/UART_program.o
                0x08001dc8                MUSART1_voidInit
 .text.MUSART1_voidTransmitByte
                0x08001dea        0xc ./src/UART_program.o
                0x08001dea                MUSART1_voidTransmitByte
 .text.MUSART1_u8Recieve
                0x08001df6        0xe ./src/UART_program.o
                0x08001df6                MUSART1_u8Recieve
 .text.main     0x08001e04        0x8 ./src/main.o
                0x08001e04                main
 .text.__errno  0x08001e0c        0xc d:/imt_sdk_win_64/winarm/armgcc/bin/../lib/gcc/arm-none-eabi/7.2.1/../../../../arm-none-eabi/lib/thumb/v7e-m\libg_nano.a(lib_a-errno.o)
                0x08001e0c                __errno
 .text._vsnprintf_r
                0x08001e18       0x58 d:/imt_sdk_win_64/winarm/armgcc/bin/../lib/gcc/arm-none-eabi/7.2.1/../../../../arm-none-eabi/lib/thumb/v7e-m\libg_nano.a(lib_a-vsnprintf.o)
                0x08001e18                _vsniprintf_r
                0x08001e18                _vsnprintf_r
 .text.vsnprintf
                0x08001e70       0x1c d:/imt_sdk_win_64/winarm/armgcc/bin/../lib/gcc/arm-none-eabi/7.2.1/../../../../arm-none-eabi/lib/thumb/v7e-m\libg_nano.a(lib_a-vsnprintf.o)
                0x08001e70                vsniprintf
                0x08001e70                vsnprintf
 .text.__ssputs_r
                0x08001e8c       0xb4 d:/imt_sdk_win_64/winarm/armgcc/bin/../lib/gcc/arm-none-eabi/7.2.1/../../../../arm-none-eabi/lib/thumb/v7e-m\libg_nano.a(lib_a-nano-svfprintf.o)
                0x08001e8c                __ssputs_r
 .text._svfprintf_r
                0x08001f40      0x1ec d:/imt_sdk_win_64/winarm/armgcc/bin/../lib/gcc/arm-none-eabi/7.2.1/../../../../arm-none-eabi/lib/thumb/v7e-m\libg_nano.a(lib_a-nano-svfprintf.o)
                0x08001f40                _svfiprintf_r
                0x08001f40                _svfprintf_r
 .text._printf_common
                0x0800212c       0xea d:/imt_sdk_win_64/winarm/armgcc/bin/../lib/gcc/arm-none-eabi/7.2.1/../../../../arm-none-eabi/lib/thumb/v7e-m\libg_nano.a(lib_a-nano-vfprintf_i.o)
                0x0800212c                _printf_common
 *fill*         0x08002216        0x2 
 .text._printf_i
                0x08002218      0x224 d:/imt_sdk_win_64/winarm/armgcc/bin/../lib/gcc/arm-none-eabi/7.2.1/../../../../arm-none-eabi/lib/thumb/v7e-m\libg_nano.a(lib_a-nano-vfprintf_i.o)
                0x08002218                _printf_i
 *fill*         0x0800243c        0x4 
 .text          0x08002440       0xa0 d:/imt_sdk_win_64/winarm/armgcc/bin/../lib/gcc/arm-none-eabi/7.2.1/../../../../arm-none-eabi/lib/thumb/v7e-m\libg_nano.a(lib_a-memchr.o)
                0x08002440                memchr
 .text.memcpy   0x080024e0       0x16 d:/imt_sdk_win_64/winarm/armgcc/bin/../lib/gcc/arm-none-eabi/7.2.1/../../../../arm-none-eabi/lib/thumb/v7e-m\libg_nano.a(lib_a-memcpy-stub.o)
                0x080024e0                memcpy
 .text.memmove  0x080024f6       0x32 d:/imt_sdk_win_64/winarm/armgcc/bin/../lib/gcc/arm-none-eabi/7.2.1/../../../../arm-none-eabi/lib/thumb/v7e-m\libg_nano.a(lib_a-memmove.o)
                0x080024f6                memmove
 .text._free_r  0x08002528       0x9c d:/imt_sdk_win_64/winarm/armgcc/bin/../lib/gcc/arm-none-eabi/7.2.1/../../../../arm-none-eabi/lib/thumb/v7e-m\libg_nano.a(lib_a-nano-freer.o)
                0x08002528                _free_r
 .text._malloc_r
                0x080025c4       0xb4 d:/imt_sdk_win_64/winarm/armgcc/bin/../lib/gcc/arm-none-eabi/7.2.1/../../../../arm-none-eabi/lib/thumb/v7e-m\libg_nano.a(lib_a-nano-mallocr.o)
                0x080025c4                _malloc_r
 .text._realloc_r
                0x08002678       0x4c d:/imt_sdk_win_64/winarm/armgcc/bin/../lib/gcc/arm-none-eabi/7.2.1/../../../../arm-none-eabi/lib/thumb/v7e-m\libg_nano.a(lib_a-nano-reallocr.o)
                0x08002678                _realloc_r
 .text._sbrk_r  0x080026c4       0x20 d:/imt_sdk_win_64/winarm/armgcc/bin/../lib/gcc/arm-none-eabi/7.2.1/../../../../arm-none-eabi/lib/thumb/v7e-m\libg_nano.a(lib_a-sbrkr.o)
                0x080026c4                _sbrk_r
 .text.__malloc_lock
                0x080026e4        0x2 d:/imt_sdk_win_64/winarm/armgcc/bin/../lib/gcc/arm-none-eabi/7.2.1/../../../../arm-none-eabi/lib/thumb/v7e-m\libg_nano.a(lib_a-mlock.o)
                0x080026e4                __malloc_lock
 .text.__malloc_unlock
                0x080026e6        0x2 d:/imt_sdk_win_64/winarm/armgcc/bin/../lib/gcc/arm-none-eabi/7.2.1/../../../../arm-none-eabi/lib/thumb/v7e-m\libg_nano.a(lib_a-mlock.o)
                0x080026e6                __malloc_unlock
 .text._malloc_usable_size_r
                0x080026e8       0x10 d:/imt_sdk_win_64/winarm/armgcc/bin/../lib/gcc/arm-none-eabi/7.2.1/../../../../arm-none-eabi/lib/thumb/v7e-m\libg_nano.a(lib_a-nano-msizer.o)
                0x080026e8                _malloc_usable_size_r
 *(.rodata .rodata.* .constdata .constdata.*)
 .rodata.dumpExceptionStack.str1.4
                0x080026f8      0x11a ./system/src/cortexm/exception_handlers.o
 *fill*         0x08002812        0x2 
 .rodata.str1.4
                0x08002814       0x2c ./system/src/cortexm/exception_handlers.o
                                 0x2a (size before relaxing)
 .rodata.AHBPrescTable
                0x08002840       0x10 ./system/src/cmsis/system_stm32f4xx.o
                0x08002840                AHBPrescTable
 .rodata._svfprintf_r.str1.1
                0x08002850       0x11 d:/imt_sdk_win_64/winarm/armgcc/bin/../lib/gcc/arm-none-eabi/7.2.1/../../../../arm-none-eabi/lib/thumb/v7e-m\libg_nano.a(lib_a-nano-svfprintf.o)
 .rodata._printf_i.str1.1
                0x08002861       0x22 d:/imt_sdk_win_64/winarm/armgcc/bin/../lib/gcc/arm-none-eabi/7.2.1/../../../../arm-none-eabi/lib/thumb/v7e-m\libg_nano.a(lib_a-nano-vfprintf_i.o)
 *(vtable)
 *(.eh_frame*)
 *(.glue_7)
 .glue_7        0x08002883        0x0 linker stubs
 *(.glue_7t)
 .glue_7t       0x08002883        0x0 linker stubs

.vfp11_veneer   0x08002884        0x0
 .vfp11_veneer  0x08002884        0x0 linker stubs

.v4_bx          0x08002884        0x0
 .v4_bx         0x08002884        0x0 linker stubs

.iplt           0x08002884        0x0
 .iplt          0x08002884        0x0 ./system/src/newlib/_exit.o

.rel.dyn        0x08002884        0x0
 .rel.iplt      0x08002884        0x0 ./system/src/newlib/_exit.o

.ARM.extab
 *(.ARM.extab* .gnu.linkonce.armextab.*)
                0x08002884                . = ALIGN (0x4)
                0x08002884                __exidx_start = .

.ARM.exidx
 *(.ARM.exidx* .gnu.linkonce.armexidx.*)
                0x08002884                __exidx_end = .
                0x08002884                . = ALIGN (0x4)
                0x08002884                _etext = .
                0x08002884                __etext = .

.data_CCMRAM    0x10000000        0x0 load address 0x08002884
 FILL mask 0xff
 *(.data.CCMRAM .data.CCMRAM.*)
                0x10000000                . = ALIGN (0x4)
                0x08002884                _sidata = LOADADDR (.data)

.data           0x20000000       0x90 load address 0x08002884
 FILL mask 0xff
                0x20000000                _sdata = .
                0x20000000                __data_start__ = .
 *(.data_begin .data_begin.*)
 .data_begin    0x20000000        0x4 ./system/src/newlib/_startup.o
 *(.data .data.*)
 .data.argv.4310
                0x20000004        0x8 ./system/src/newlib/_syscalls.o
 .data.SystemCoreClock
                0x2000000c        0x4 ./system/src/cmsis/system_stm32f4xx.o
                0x2000000c                SystemCoreClock
 .data.Motor1   0x20000010        0xc ./src/Car_Movement_program.o
                0x20000010                Motor1
 .data.Motor3   0x2000001c        0xc ./src/Car_Movement_program.o
                0x2000001c                Motor3
 .data._impure_ptr
                0x20000028        0x4 d:/imt_sdk_win_64/winarm/armgcc/bin/../lib/gcc/arm-none-eabi/7.2.1/../../../../arm-none-eabi/lib/thumb/v7e-m\libg_nano.a(lib_a-impure.o)
                0x20000028                _impure_ptr
 .data.impure_data
                0x2000002c       0x60 d:/imt_sdk_win_64/winarm/armgcc/bin/../lib/gcc/arm-none-eabi/7.2.1/../../../../arm-none-eabi/lib/thumb/v7e-m\libg_nano.a(lib_a-impure.o)
 *(.data_end .data_end.*)
 .data_end      0x2000008c        0x4 ./system/src/newlib/_startup.o
                0x20000090                . = ALIGN (0x4)
                0x20000090                _edata = .
                0x20000090                __data_end__ = .

.igot.plt       0x20000090        0x0 load address 0x08002914
 .igot.plt      0x20000090        0x0 ./system/src/newlib/_exit.o

.bss_CCMRAM     0x10000000        0x0
 *(.bss.CCMRAM .bss.CCMRAM.*)

.bss            0x20000090       0xa4
                0x20000090                __bss_start__ = .
                0x20000090                _sbss = .
 *(.bss_begin .bss_begin.*)
 .bss_begin     0x20000090        0x4 ./system/src/newlib/_startup.o
 *(.bss .bss.*)
 .bss.current_heap_end.3961
                0x20000094        0x4 ./system/src/newlib/_sbrk.o
 .bss.name.4309
                0x20000098        0x1 ./system/src/newlib/_syscalls.o
 *fill*         0x20000099        0x3 
 .bss.buf.5205  0x2000009c       0x80 ./system/src/diag/Trace.o
 .bss.EXTI0_callBack
                0x2000011c        0x4 ./src/EXTI_program.o
 .bss.EXTI1_callBack
                0x20000120        0x4 ./src/EXTI_program.o
 .bss.__malloc_free_list
                0x20000124        0x4 d:/imt_sdk_win_64/winarm/armgcc/bin/../lib/gcc/arm-none-eabi/7.2.1/../../../../arm-none-eabi/lib/thumb/v7e-m\libg_nano.a(lib_a-nano-mallocr.o)
                0x20000124                __malloc_free_list
 .bss.__malloc_sbrk_start
                0x20000128        0x4 d:/imt_sdk_win_64/winarm/armgcc/bin/../lib/gcc/arm-none-eabi/7.2.1/../../../../arm-none-eabi/lib/thumb/v7e-m\libg_nano.a(lib_a-nano-mallocr.o)
                0x20000128                __malloc_sbrk_start
 *(COMMON)
 COMMON         0x2000012c        0x4 ./system/src/newlib/_syscalls.o
                0x2000012c                errno
 *(.bss_end .bss_end.*)
 .bss_end       0x20000130        0x4 ./system/src/newlib/_startup.o
                0x20000134                . = ALIGN (0x4)
                0x20000134                __bss_end__ = .
                0x20000134                _ebss = .

.noinit_CCMRAM
 *(.noinit.CCMRAM .noinit.CCMRAM.*)

.noinit         0x20000134        0x0
                0x20000134                _noinit = .
 *(.noinit .noinit.*)
                0x20000134                . = ALIGN (0x4)
                0x20000134                _end_noinit = .
                [!provide]                PROVIDE (end, _end_noinit)
                [!provide]                PROVIDE (_end, _end_noinit)
                [!provide]                PROVIDE (__end, _end_noinit)
                [!provide]                PROVIDE (__end__, _end_noinit)

._check_stack   0x20000134      0x100
                0x20000234                . = (. + _Minimum_Stack_Size)
 *fill*         0x20000134      0x100 

.b1text
 *(.b1text)
 *(.b1rodata)
 *(.b1rodata.*)

.eb0text
 *(.eb0text)
 *(.eb0rodata)
 *(.eb0rodata.*)

.eb1text
 *(.eb1text)
 *(.eb1rodata)
 *(.eb1rodata.*)

.eb2text
 *(.eb2text)
 *(.eb2rodata)
 *(.eb2rodata.*)

.eb3text
 *(.eb3text)
 *(.eb3rodata)
 *(.eb3rodata.*)

.stab
 *(.stab)

.stabstr
 *(.stabstr)

.stab.excl
 *(.stab.excl)

.stab.exclstr
 *(.stab.exclstr)

.stab.index
 *(.stab.index)

.stab.indexstr
 *(.stab.indexstr)

.comment        0x00000000       0x7e
 *(.comment)
 .comment       0x00000000       0x7e ./system/src/newlib/_exit.o
                                 0x7f (size before relaxing)
 .comment       0x0000007e       0x7f ./system/src/newlib/_sbrk.o
 .comment       0x0000007e       0x7f ./system/src/newlib/_startup.o
 .comment       0x0000007e       0x7f ./system/src/newlib/_syscalls.o
 .comment       0x0000007e       0x7f ./system/src/diag/Trace.o
 .comment       0x0000007e       0x7f ./system/src/diag/trace_impl.o
 .comment       0x0000007e       0x7f ./system/src/cortexm/_initialize_hardware.o
 .comment       0x0000007e       0x7f ./system/src/cortexm/exception_handlers.o
 .comment       0x0000007e       0x7f ./system/src/cmsis/system_stm32f4xx.o
 .comment       0x0000007e       0x7f ./system/src/cmsis/vectors_stm32f401xc.o
 .comment       0x0000007e       0x7f ./src/Car_Movement_program.o
 .comment       0x0000007e       0x7f ./src/DCmotor_program.o
 .comment       0x0000007e       0x7f ./src/EXTI_program.o
 .comment       0x0000007e       0x7f ./src/FCW_Program.o
 .comment       0x0000007e       0x7f ./src/GPIO_Program.o
 .comment       0x0000007e       0x7f ./src/RCC_program.o
 .comment       0x0000007e       0x7f ./src/TF_LUNA_LIDAR_PROGRAM.o
 .comment       0x0000007e       0x7f ./src/Timer_program.o
 .comment       0x0000007e       0x7f ./src/UART_program.o
 .comment       0x0000007e       0x7f ./src/main.o

.ARM.attributes
                0x00000000       0x31
 .ARM.attributes
                0x00000000       0x33 ./system/src/newlib/_exit.o
 .ARM.attributes
                0x00000033       0x33 ./system/src/newlib/_sbrk.o
 .ARM.attributes
                0x00000066       0x33 ./system/src/newlib/_startup.o
 .ARM.attributes
                0x00000099       0x33 ./system/src/newlib/_syscalls.o
 .ARM.attributes
                0x000000cc       0x33 ./system/src/diag/Trace.o
 .ARM.attributes
                0x000000ff       0x33 ./system/src/diag/trace_impl.o
 .ARM.attributes
                0x00000132       0x33 ./system/src/cortexm/_initialize_hardware.o
 .ARM.attributes
                0x00000165       0x33 ./system/src/cortexm/exception_handlers.o
 .ARM.attributes
                0x00000198       0x33 ./system/src/cmsis/system_stm32f4xx.o
 .ARM.attributes
                0x000001cb       0x33 ./system/src/cmsis/vectors_stm32f401xc.o
 .ARM.attributes
                0x000001fe       0x33 ./src/Car_Movement_program.o
 .ARM.attributes
                0x00000231       0x33 ./src/DCmotor_program.o
 .ARM.attributes
                0x00000264       0x33 ./src/EXTI_program.o
 .ARM.attributes
                0x00000297       0x33 ./src/FCW_Program.o
 .ARM.attributes
                0x000002ca       0x33 ./src/GPIO_Program.o
 .ARM.attributes
                0x000002fd       0x33 ./src/RCC_program.o
 .ARM.attributes
                0x00000330       0x33 ./src/TF_LUNA_LIDAR_PROGRAM.o
 .ARM.attributes
                0x00000363       0x33 ./src/Timer_program.o
 .ARM.attributes
                0x00000396       0x33 ./src/UART_program.o
 .ARM.attributes
                0x000003c9       0x33 ./src/main.o
 .ARM.attributes
                0x000003fc       0x2e d:/imt_sdk_win_64/winarm/armgcc/bin/../lib/gcc/arm-none-eabi/7.2.1/../../../../arm-none-eabi/lib/thumb/v7e-m\libg_nano.a(lib_a-errno.o)
 .ARM.attributes
                0x0000042a       0x2e d:/imt_sdk_win_64/winarm/armgcc/bin/../lib/gcc/arm-none-eabi/7.2.1/../../../../arm-none-eabi/lib/thumb/v7e-m\libg_nano.a(lib_a-impure.o)
 .ARM.attributes
                0x00000458       0x2e d:/imt_sdk_win_64/winarm/armgcc/bin/../lib/gcc/arm-none-eabi/7.2.1/../../../../arm-none-eabi/lib/thumb/v7e-m\libg_nano.a(lib_a-vsnprintf.o)
 .ARM.attributes
                0x00000486       0x2e d:/imt_sdk_win_64/winarm/armgcc/bin/../lib/gcc/arm-none-eabi/7.2.1/../../../../arm-none-eabi/lib/thumb/v7e-m\libg_nano.a(lib_a-nano-svfprintf.o)
 .ARM.attributes
                0x000004b4       0x2e d:/imt_sdk_win_64/winarm/armgcc/bin/../lib/gcc/arm-none-eabi/7.2.1/../../../../arm-none-eabi/lib/thumb/v7e-m\libg_nano.a(lib_a-nano-vfprintf_i.o)
 .ARM.attributes
                0x000004e2       0x1c d:/imt_sdk_win_64/winarm/armgcc/bin/../lib/gcc/arm-none-eabi/7.2.1/../../../../arm-none-eabi/lib/thumb/v7e-m\libg_nano.a(lib_a-memchr.o)
 .ARM.attributes
                0x000004fe       0x2e d:/imt_sdk_win_64/winarm/armgcc/bin/../lib/gcc/arm-none-eabi/7.2.1/../../../../arm-none-eabi/lib/thumb/v7e-m\libg_nano.a(lib_a-memcpy-stub.o)
 .ARM.attributes
                0x0000052c       0x2e d:/imt_sdk_win_64/winarm/armgcc/bin/../lib/gcc/arm-none-eabi/7.2.1/../../../../arm-none-eabi/lib/thumb/v7e-m\libg_nano.a(lib_a-memmove.o)
 .ARM.attributes
                0x0000055a       0x2e d:/imt_sdk_win_64/winarm/armgcc/bin/../lib/gcc/arm-none-eabi/7.2.1/../../../../arm-none-eabi/lib/thumb/v7e-m\libg_nano.a(lib_a-nano-freer.o)
 .ARM.attributes
                0x00000588       0x2e d:/imt_sdk_win_64/winarm/armgcc/bin/../lib/gcc/arm-none-eabi/7.2.1/../../../../arm-none-eabi/lib/thumb/v7e-m\libg_nano.a(lib_a-nano-mallocr.o)
 .ARM.attributes
                0x000005b6       0x2e d:/imt_sdk_win_64/winarm/armgcc/bin/../lib/gcc/arm-none-eabi/7.2.1/../../../../arm-none-eabi/lib/thumb/v7e-m\libg_nano.a(lib_a-nano-reallocr.o)
 .ARM.attributes
                0x000005e4       0x2e d:/imt_sdk_win_64/winarm/armgcc/bin/../lib/gcc/arm-none-eabi/7.2.1/../../../../arm-none-eabi/lib/thumb/v7e-m\libg_nano.a(lib_a-sbrkr.o)
 .ARM.attributes
                0x00000612       0x2e d:/imt_sdk_win_64/winarm/armgcc/bin/../lib/gcc/arm-none-eabi/7.2.1/../../../../arm-none-eabi/lib/thumb/v7e-m\libg_nano.a(lib_a-mlock.o)
 .ARM.attributes
                0x00000640       0x2e d:/imt_sdk_win_64/winarm/armgcc/bin/../lib/gcc/arm-none-eabi/7.2.1/../../../../arm-none-eabi/lib/thumb/v7e-m\libg_nano.a(lib_a-nano-msizer.o)

.debug
 *(.debug)

.line
 *(.line)

.debug_srcinfo
 *(.debug_srcinfo)

.debug_sfnames
 *(.debug_sfnames)

.debug_aranges  0x00000000      0x550
 *(.debug_aranges)
 .debug_aranges
                0x00000000       0x28 ./system/src/newlib/_exit.o
 .debug_aranges
                0x00000028       0x20 ./system/src/newlib/_sbrk.o
 .debug_aranges
                0x00000048       0x40 ./system/src/newlib/_startup.o
 .debug_aranges
                0x00000088       0x30 ./system/src/newlib/_syscalls.o
 .debug_aranges
                0x000000b8       0x38 ./system/src/diag/Trace.o
 .debug_aranges
                0x000000f0       0x30 ./system/src/diag/trace_impl.o
 .debug_aranges
                0x00000120       0x28 ./system/src/cortexm/_initialize_hardware.o
 .debug_aranges
                0x00000148       0x90 ./system/src/cortexm/exception_handlers.o
 .debug_aranges
                0x000001d8       0x28 ./system/src/cmsis/system_stm32f4xx.o
 .debug_aranges
                0x00000200       0x20 ./system/src/cmsis/vectors_stm32f401xc.o
 .debug_aranges
                0x00000220       0x58 ./src/Car_Movement_program.o
 .debug_aranges
                0x00000278       0x48 ./src/DCmotor_program.o
 .debug_aranges
                0x000002c0       0x60 ./src/EXTI_program.o
 .debug_aranges
                0x00000320       0x20 ./src/FCW_Program.o
 .debug_aranges
                0x00000340       0x58 ./src/GPIO_Program.o
 .debug_aranges
                0x00000398       0x30 ./src/RCC_program.o
 .debug_aranges
                0x000003c8       0x28 ./src/TF_LUNA_LIDAR_PROGRAM.o
 .debug_aranges
                0x000003f0      0x108 ./src/Timer_program.o
 .debug_aranges
                0x000004f8       0x38 ./src/UART_program.o
 .debug_aranges
                0x00000530       0x20 ./src/main.o

.debug_pubnames
 *(.debug_pubnames)

.debug_info     0x00000000     0x8acf
 *(.debug_info .gnu.linkonce.wi.*)
 .debug_info    0x00000000      0x956 ./system/src/newlib/_exit.o
 .debug_info    0x00000956      0x942 ./system/src/newlib/_sbrk.o
 .debug_info    0x00001298      0x4bf ./system/src/newlib/_startup.o
 .debug_info    0x00001757      0xa19 ./system/src/newlib/_syscalls.o
 .debug_info    0x00002170      0xb2a ./system/src/diag/Trace.o
 .debug_info    0x00002c9a      0xb6b ./system/src/diag/trace_impl.o
 .debug_info    0x00003805      0xade ./system/src/cortexm/_initialize_hardware.o
 .debug_info    0x000042e3     0x115a ./system/src/cortexm/exception_handlers.o
 .debug_info    0x0000543d      0xcfe ./system/src/cmsis/system_stm32f4xx.o
 .debug_info    0x0000613b       0xca ./system/src/cmsis/vectors_stm32f401xc.o
 .debug_info    0x00006205      0x2bb ./src/Car_Movement_program.o
 .debug_info    0x000064c0      0x499 ./src/DCmotor_program.o
 .debug_info    0x00006959      0x367 ./src/EXTI_program.o
 .debug_info    0x00006cc0      0x16f ./src/FCW_Program.o
 .debug_info    0x00006e2f      0x350 ./src/GPIO_Program.o
 .debug_info    0x0000717f       0xfe ./src/RCC_program.o
 .debug_info    0x0000727d      0x40d ./src/TF_LUNA_LIDAR_PROGRAM.o
 .debug_info    0x0000768a     0x11d9 ./src/Timer_program.o
 .debug_info    0x00008863      0x20d ./src/UART_program.o
 .debug_info    0x00008a70       0x5f ./src/main.o

.debug_abbrev   0x00000000     0x1e3e
 *(.debug_abbrev)
 .debug_abbrev  0x00000000      0x1f3 ./system/src/newlib/_exit.o
 .debug_abbrev  0x000001f3      0x1fc ./system/src/newlib/_sbrk.o
 .debug_abbrev  0x000003ef      0x1cb ./system/src/newlib/_startup.o
 .debug_abbrev  0x000005ba      0x234 ./system/src/newlib/_syscalls.o
 .debug_abbrev  0x000007ee      0x276 ./system/src/diag/Trace.o
 .debug_abbrev  0x00000a64      0x2ef ./system/src/diag/trace_impl.o
 .debug_abbrev  0x00000d53      0x1de ./system/src/cortexm/_initialize_hardware.o
 .debug_abbrev  0x00000f31      0x32b ./system/src/cortexm/exception_handlers.o
 .debug_abbrev  0x0000125c      0x216 ./system/src/cmsis/system_stm32f4xx.o
 .debug_abbrev  0x00001472       0x9d ./system/src/cmsis/vectors_stm32f401xc.o
 .debug_abbrev  0x0000150f      0x115 ./src/Car_Movement_program.o
 .debug_abbrev  0x00001624       0xfb ./src/DCmotor_program.o
 .debug_abbrev  0x0000171f      0x12a ./src/EXTI_program.o
 .debug_abbrev  0x00001849       0x7c ./src/FCW_Program.o
 .debug_abbrev  0x000018c5       0xf7 ./src/GPIO_Program.o
 .debug_abbrev  0x000019bc       0x70 ./src/RCC_program.o
 .debug_abbrev  0x00001a2c      0x11f ./src/TF_LUNA_LIDAR_PROGRAM.o
 .debug_abbrev  0x00001b4b      0x15f ./src/Timer_program.o
 .debug_abbrev  0x00001caa      0x13c ./src/UART_program.o
 .debug_abbrev  0x00001de6       0x58 ./src/main.o

.debug_line     0x00000000     0x4a16
 *(.debug_line)
 .debug_line    0x00000000      0x2f7 ./system/src/newlib/_exit.o
 .debug_line    0x000002f7      0x2ab ./system/src/newlib/_sbrk.o
 .debug_line    0x000005a2      0x373 ./system/src/newlib/_startup.o
 .debug_line    0x00000915      0x3ab ./system/src/newlib/_syscalls.o
 .debug_line    0x00000cc0      0x373 ./system/src/diag/Trace.o
 .debug_line    0x00001033      0xa67 ./system/src/diag/trace_impl.o
 .debug_line    0x00001a9a      0x9d0 ./system/src/cortexm/_initialize_hardware.o
 .debug_line    0x0000246a      0xb1e ./system/src/cortexm/exception_handlers.o
 .debug_line    0x00002f88      0x9d6 ./system/src/cmsis/system_stm32f4xx.o
 .debug_line    0x0000395e       0xec ./system/src/cmsis/vectors_stm32f401xc.o
 .debug_line    0x00003a4a      0x1b1 ./src/Car_Movement_program.o
 .debug_line    0x00003bfb      0x179 ./src/DCmotor_program.o
 .debug_line    0x00003d74      0x13f ./src/EXTI_program.o
 .debug_line    0x00003eb3       0xf5 ./src/FCW_Program.o
 .debug_line    0x00003fa8      0x20e ./src/GPIO_Program.o
 .debug_line    0x000041b6       0xda ./src/RCC_program.o
 .debug_line    0x00004290      0x150 ./src/TF_LUNA_LIDAR_PROGRAM.o
 .debug_line    0x000043e0      0x4ec ./src/Timer_program.o
 .debug_line    0x000048cc       0xf0 ./src/UART_program.o
 .debug_line    0x000049bc       0x5a ./src/main.o

.debug_frame    0x00000000      0xdf8
 *(.debug_frame)
 .debug_frame   0x00000000       0x38 ./system/src/newlib/_exit.o
 .debug_frame   0x00000038       0x28 ./system/src/newlib/_sbrk.o
 .debug_frame   0x00000060       0x7c ./system/src/newlib/_startup.o
 .debug_frame   0x000000dc       0x50 ./system/src/newlib/_syscalls.o
 .debug_frame   0x0000012c       0x94 ./system/src/diag/Trace.o
 .debug_frame   0x000001c0       0x64 ./system/src/diag/trace_impl.o
 .debug_frame   0x00000224       0x40 ./system/src/cortexm/_initialize_hardware.o
 .debug_frame   0x00000264      0x158 ./system/src/cortexm/exception_handlers.o
 .debug_frame   0x000003bc       0x30 ./system/src/cmsis/system_stm32f4xx.o
 .debug_frame   0x000003ec       0x20 ./system/src/cmsis/vectors_stm32f401xc.o
 .debug_frame   0x0000040c       0xd0 ./src/Car_Movement_program.o
 .debug_frame   0x000004dc       0xd8 ./src/DCmotor_program.o
 .debug_frame   0x000005b4       0xbc ./src/EXTI_program.o
 .debug_frame   0x00000670       0x28 ./src/FCW_Program.o
 .debug_frame   0x00000698       0xd0 ./src/GPIO_Program.o
 .debug_frame   0x00000768       0x40 ./src/RCC_program.o
 .debug_frame   0x000007a8       0x50 ./src/TF_LUNA_LIDAR_PROGRAM.o
 .debug_frame   0x000007f8      0x2c0 ./src/Timer_program.o
 .debug_frame   0x00000ab8       0x50 ./src/UART_program.o
 .debug_frame   0x00000b08       0x28 ./src/main.o
 .debug_frame   0x00000b30       0x20 d:/imt_sdk_win_64/winarm/armgcc/bin/../lib/gcc/arm-none-eabi/7.2.1/../../../../arm-none-eabi/lib/thumb/v7e-m\libg_nano.a(lib_a-errno.o)
 .debug_frame   0x00000b50       0x4c d:/imt_sdk_win_64/winarm/armgcc/bin/../lib/gcc/arm-none-eabi/7.2.1/../../../../arm-none-eabi/lib/thumb/v7e-m\libg_nano.a(lib_a-vsnprintf.o)
 .debug_frame   0x00000b9c       0x90 d:/imt_sdk_win_64/winarm/armgcc/bin/../lib/gcc/arm-none-eabi/7.2.1/../../../../arm-none-eabi/lib/thumb/v7e-m\libg_nano.a(lib_a-nano-svfprintf.o)
 .debug_frame   0x00000c2c       0x60 d:/imt_sdk_win_64/winarm/armgcc/bin/../lib/gcc/arm-none-eabi/7.2.1/../../../../arm-none-eabi/lib/thumb/v7e-m\libg_nano.a(lib_a-nano-vfprintf_i.o)
 .debug_frame   0x00000c8c       0x28 d:/imt_sdk_win_64/winarm/armgcc/bin/../lib/gcc/arm-none-eabi/7.2.1/../../../../arm-none-eabi/lib/thumb/v7e-m\libg_nano.a(lib_a-memcpy-stub.o)
 .debug_frame   0x00000cb4       0x28 d:/imt_sdk_win_64/winarm/armgcc/bin/../lib/gcc/arm-none-eabi/7.2.1/../../../../arm-none-eabi/lib/thumb/v7e-m\libg_nano.a(lib_a-memmove.o)
 .debug_frame   0x00000cdc       0x38 d:/imt_sdk_win_64/winarm/armgcc/bin/../lib/gcc/arm-none-eabi/7.2.1/../../../../arm-none-eabi/lib/thumb/v7e-m\libg_nano.a(lib_a-nano-freer.o)
 .debug_frame   0x00000d14       0x2c d:/imt_sdk_win_64/winarm/armgcc/bin/../lib/gcc/arm-none-eabi/7.2.1/../../../../arm-none-eabi/lib/thumb/v7e-m\libg_nano.a(lib_a-nano-mallocr.o)
 .debug_frame   0x00000d40       0x3c d:/imt_sdk_win_64/winarm/armgcc/bin/../lib/gcc/arm-none-eabi/7.2.1/../../../../arm-none-eabi/lib/thumb/v7e-m\libg_nano.a(lib_a-nano-reallocr.o)
 .debug_frame   0x00000d7c       0x2c d:/imt_sdk_win_64/winarm/armgcc/bin/../lib/gcc/arm-none-eabi/7.2.1/../../../../arm-none-eabi/lib/thumb/v7e-m\libg_nano.a(lib_a-sbrkr.o)
 .debug_frame   0x00000da8       0x30 d:/imt_sdk_win_64/winarm/armgcc/bin/../lib/gcc/arm-none-eabi/7.2.1/../../../../arm-none-eabi/lib/thumb/v7e-m\libg_nano.a(lib_a-mlock.o)
 .debug_frame   0x00000dd8       0x20 d:/imt_sdk_win_64/winarm/armgcc/bin/../lib/gcc/arm-none-eabi/7.2.1/../../../../arm-none-eabi/lib/thumb/v7e-m\libg_nano.a(lib_a-nano-msizer.o)

.debug_str      0x00000000    0x76e84
 *(.debug_str)
 .debug_str     0x00000000     0x7d15 ./system/src/newlib/_exit.o
                               0x7ee8 (size before relaxing)
 .debug_str     0x00007d15      0x4f5 ./system/src/newlib/_sbrk.o
                               0x729a (size before relaxing)
 .debug_str     0x0000820a      0xc23 ./system/src/newlib/_startup.o
                               0x6a3b (size before relaxing)
 .debug_str     0x00008e2d      0xe8b ./system/src/newlib/_syscalls.o
                               0x8175 (size before relaxing)
 .debug_str     0x00009cb8      0x826 ./system/src/diag/Trace.o
                               0x8660 (size before relaxing)
 .debug_str     0x0000a4de    0x67a2e ./system/src/diag/trace_impl.o
                              0x70986 (size before relaxing)
 .debug_str     0x00071f0c       0xc4 ./system/src/cortexm/_initialize_hardware.o
                              0x6f718 (size before relaxing)
 .debug_str     0x00071fd0      0x1a6 ./system/src/cortexm/exception_handlers.o
                              0x70b10 (size before relaxing)
 .debug_str     0x00072176      0x164 ./system/src/cmsis/system_stm32f4xx.o
                              0x6f7f9 (size before relaxing)
 .debug_str     0x000722da       0x59 ./system/src/cmsis/vectors_stm32f401xc.o
                               0x3878 (size before relaxing)
 .debug_str     0x00072333      0x6c4 ./src/Car_Movement_program.o
                               0x3480 (size before relaxing)
 .debug_str     0x000729f7      0x368 ./src/DCmotor_program.o
                               0x3679 (size before relaxing)
 .debug_str     0x00072d5f      0x38d ./src/EXTI_program.o
                               0x31fa (size before relaxing)
 .debug_str     0x000730ec       0xc8 ./src/FCW_Program.o
                               0x3173 (size before relaxing)
 .debug_str     0x000731b4      0x77c ./src/GPIO_Program.o
                               0x37d5 (size before relaxing)
 .debug_str     0x00073930      0x2b2 ./src/RCC_program.o
                               0x32f9 (size before relaxing)
 .debug_str     0x00073be2      0x156 ./src/TF_LUNA_LIDAR_PROGRAM.o
                               0x33e6 (size before relaxing)
 .debug_str     0x00073d38     0x2fc7 ./src/Timer_program.o
                               0x63ff (size before relaxing)
 .debug_str     0x00076cff      0x177 ./src/UART_program.o
                               0x309e (size before relaxing)
 .debug_str     0x00076e76        0xe ./src/main.o
                               0x2d53 (size before relaxing)

.debug_loc      0x00000000     0x3077
 *(.debug_loc)
 .debug_loc     0x00000000       0x85 ./system/src/newlib/_sbrk.o
 .debug_loc     0x00000085      0x2cb ./system/src/newlib/_startup.o
 .debug_loc     0x00000350       0x63 ./system/src/newlib/_syscalls.o
 .debug_loc     0x000003b3       0xf6 ./system/src/diag/Trace.o
 .debug_loc     0x000004a9      0x121 ./system/src/diag/trace_impl.o
 .debug_loc     0x000005ca      0x291 ./system/src/cortexm/exception_handlers.o
 .debug_loc     0x0000085b      0x13e ./system/src/cmsis/system_stm32f4xx.o
 .debug_loc     0x00000999       0x40 ./src/Car_Movement_program.o
 .debug_loc     0x000009d9       0x86 ./src/DCmotor_program.o
 .debug_loc     0x00000a5f      0x176 ./src/EXTI_program.o
 .debug_loc     0x00000bd5     0x125d ./src/GPIO_Program.o
 .debug_loc     0x00001e32      0x1b0 ./src/RCC_program.o
 .debug_loc     0x00001fe2       0xab ./src/TF_LUNA_LIDAR_PROGRAM.o
 .debug_loc     0x0000208d      0xf9f ./src/Timer_program.o
 .debug_loc     0x0000302c       0x4b ./src/UART_program.o

.debug_macinfo
 *(.debug_macinfo)

.debug_weaknames
 *(.debug_weaknames)

.debug_funcnames
 *(.debug_funcnames)

.debug_typenames
 *(.debug_typenames)

.debug_varnames
 *(.debug_varnames)
OUTPUT(TEST_NN.elf elf32-littlearm)

.debug_ranges   0x00000000      0x4a0
 .debug_ranges  0x00000000       0x18 ./system/src/newlib/_exit.o
 .debug_ranges  0x00000018       0x10 ./system/src/newlib/_sbrk.o
 .debug_ranges  0x00000028       0x90 ./system/src/newlib/_startup.o
 .debug_ranges  0x000000b8       0x20 ./system/src/newlib/_syscalls.o
 .debug_ranges  0x000000d8       0x28 ./system/src/diag/Trace.o
 .debug_ranges  0x00000100       0x50 ./system/src/diag/trace_impl.o
 .debug_ranges  0x00000150       0x18 ./system/src/cortexm/_initialize_hardware.o
 .debug_ranges  0x00000168       0x80 ./system/src/cortexm/exception_handlers.o
 .debug_ranges  0x000001e8       0x18 ./system/src/cmsis/system_stm32f4xx.o
 .debug_ranges  0x00000200       0x10 ./system/src/cmsis/vectors_stm32f401xc.o
 .debug_ranges  0x00000210       0x48 ./src/Car_Movement_program.o
 .debug_ranges  0x00000258       0x38 ./src/DCmotor_program.o
 .debug_ranges  0x00000290       0x50 ./src/EXTI_program.o
 .debug_ranges  0x000002e0       0x10 ./src/FCW_Program.o
 .debug_ranges  0x000002f0       0x48 ./src/GPIO_Program.o
 .debug_ranges  0x00000338       0x20 ./src/RCC_program.o
 .debug_ranges  0x00000358       0x18 ./src/TF_LUNA_LIDAR_PROGRAM.o
 .debug_ranges  0x00000370       0xf8 ./src/Timer_program.o
 .debug_ranges  0x00000468       0x28 ./src/UART_program.o
 .debug_ranges  0x00000490       0x10 ./src/main.o

.debug_macro    0x00000000     0x4aae
 .debug_macro   0x00000000      0x1b4 ./system/src/newlib/_exit.o
 .debug_macro   0x000001b4      0x10e ./system/src/newlib/_exit.o
 .debug_macro   0x000002c2       0x8d ./system/src/newlib/_exit.o
 .debug_macro   0x0000034f       0x35 ./system/src/newlib/_exit.o
 .debug_macro   0x00000384      0x169 ./system/src/newlib/_sbrk.o
 .debug_macro   0x000004ed      0x174 ./system/src/newlib/_sbrk.o
 .debug_macro   0x00000661       0x10 ./system/src/newlib/_sbrk.o
 .debug_macro   0x00000671      0x23b ./system/src/newlib/_sbrk.o
 .debug_macro   0x000008ac      0x173 ./system/src/newlib/_startup.o
 .debug_macro   0x00000a1f      0xa72 ./system/src/newlib/_startup.o
 .debug_macro   0x00001491      0x217 ./system/src/newlib/_syscalls.o
 .debug_macro   0x000016a8       0x1c ./system/src/newlib/_syscalls.o
 .debug_macro   0x000016c4       0x10 ./system/src/newlib/_syscalls.o
 .debug_macro   0x000016d4       0x10 ./system/src/newlib/_syscalls.o
 .debug_macro   0x000016e4       0x10 ./system/src/newlib/_syscalls.o
 .debug_macro   0x000016f4       0x35 ./system/src/newlib/_syscalls.o
 .debug_macro   0x00001729      0x122 ./system/src/newlib/_syscalls.o
 .debug_macro   0x0000184b       0x88 ./system/src/newlib/_syscalls.o
 .debug_macro   0x000018d3       0x2b ./system/src/newlib/_syscalls.o
 .debug_macro   0x000018fe      0x118 ./system/src/newlib/_syscalls.o
 .debug_macro   0x00001a16      0x189 ./system/src/newlib/_syscalls.o
 .debug_macro   0x00001b9f       0x16 ./system/src/newlib/_syscalls.o
 .debug_macro   0x00001bb5      0x1fb ./system/src/diag/Trace.o
 .debug_macro   0x00001db0       0x4c ./system/src/diag/Trace.o
 .debug_macro   0x00001dfc       0x16 ./system/src/diag/Trace.o
 .debug_macro   0x00001e12      0x52a ./system/src/diag/trace_impl.o
 .debug_macro   0x0000233c       0x22 ./system/src/diag/trace_impl.o
 .debug_macro   0x0000235e      0x4ee ./system/src/cortexm/_initialize_hardware.o
 .debug_macro   0x0000284c      0x557 ./system/src/cortexm/exception_handlers.o
 .debug_macro   0x00002da3       0x3b ./system/src/cortexm/exception_handlers.o
 .debug_macro   0x00002dde      0x4ea ./system/src/cmsis/system_stm32f4xx.o
 .debug_macro   0x000032c8       0x34 ./system/src/cmsis/vectors_stm32f401xc.o
 .debug_macro   0x000032fc       0x87 ./src/Car_Movement_program.o
 .debug_macro   0x00003383      0x153 ./src/Car_Movement_program.o
 .debug_macro   0x000034d6       0x40 ./src/Car_Movement_program.o
 .debug_macro   0x00003516       0x16 ./src/Car_Movement_program.o
 .debug_macro   0x0000352c       0x52 ./src/Car_Movement_program.o
 .debug_macro   0x0000357e       0x2e ./src/Car_Movement_program.o
 .debug_macro   0x000035ac       0x7b ./src/DCmotor_program.o
 .debug_macro   0x00003627       0xe2 ./src/DCmotor_program.o
 .debug_macro   0x00003709       0x45 ./src/EXTI_program.o
 .debug_macro   0x0000374e       0x22 ./src/EXTI_program.o
 .debug_macro   0x00003770       0x6c ./src/FCW_Program.o
 .debug_macro   0x000037dc      0x153 ./src/FCW_Program.o
 .debug_macro   0x0000392f       0x10 ./src/FCW_Program.o
 .debug_macro   0x0000393f       0x4e ./src/GPIO_Program.o
 .debug_macro   0x0000398d       0xbe ./src/GPIO_Program.o
 .debug_macro   0x00003a4b       0x3f ./src/RCC_program.o
 .debug_macro   0x00003a8a       0x52 ./src/RCC_program.o
 .debug_macro   0x00003adc       0x28 ./src/RCC_program.o
 .debug_macro   0x00003b04       0x67 ./src/TF_LUNA_LIDAR_PROGRAM.o
 .debug_macro   0x00003b6b       0xe2 ./src/TF_LUNA_LIDAR_PROGRAM.o
 .debug_macro   0x00003c4d      0x153 ./src/TF_LUNA_LIDAR_PROGRAM.o
 .debug_macro   0x00003da0       0x1c ./src/TF_LUNA_LIDAR_PROGRAM.o
 .debug_macro   0x00003dbc       0x68 ./src/Timer_program.o
 .debug_macro   0x00003e24       0x46 ./src/Timer_program.o
 .debug_macro   0x00003e6a      0xaee ./src/Timer_program.o
 .debug_macro   0x00004958       0x90 ./src/Timer_program.o
 .debug_macro   0x000049e8       0x3f ./src/UART_program.o
 .debug_macro   0x00004a27       0x1c ./src/UART_program.o
 .debug_macro   0x00004a43       0x3a ./src/UART_program.o
 .debug_macro   0x00004a7d       0x16 ./src/UART_program.o
 .debug_macro   0x00004a93       0x1b ./src/main.o
